2026-05-12 04:15:42,456 - aqt.helper - DEBUG - helper 476 Attempt to download checksum at https://download.qt.io/online/qtsdkrepository/windows_x86/desktop/qt5_5152/Updates.xml.sha256
2026-05-12 04:15:45,187 - aqt.helper - DEBUG - helper 476 Attempt to download checksum at https://download.qt.io/online/qtsdkrepository/windows_x86/desktop/qt5_5152_wasm/Updates.xml.sha256
2026-05-12 04:16:00,680 - aqt.helper - DEBUG - helper 34664 Attempt to download checksum at https://download.qt.io/online/qtsdkrepository/windows_x86/desktop/tools_mingw/Updates.xml.sha256
2026-05-12 04:16:36,568 - aqt.main - INFO - installer 25204 aqtinstall(aqt) v3.3.0 on Python 3.13.1 [CPython MSC v.1942 64 bit (AMD64)]
2026-05-12 04:16:36,569 - aqt.helper - DEBUG - helper 25204 Attempt to download checksum at https://download.qt.io/online/qtsdkrepository/windows_x86/desktop/qt5_5152/Updates.xml.sha256
2026-05-12 04:16:39,860 - aqt.helper - DEBUG - helper 23608 Attempt to download checksum at https://download.qt.io/online/qtsdkrepository/windows_x86/desktop/qt5_5152/qt.qt5.5152.win64_mingw81/5.15.2-0-202011130602qtbase-Windows-Windows_10-Mingw-Windows-Windows_10-X86_64.7z.sha256
2026-05-12 04:16:39,861 - aqt.helper - DEBUG - helper 36460 Attempt to download checksum at https://download.qt.io/online/qtsdkrepository/windows_x86/desktop/qt5_5152/qt.qt5.5152.win64_mingw81/5.15.2-0-202011130602qtactiveqt-Windows-Windows_10-Mingw-Windows-Windows_10-X86_64.7z.sha256
2026-05-12 04:16:39,861 - aqt.helper - DEBUG - helper 27512 Attempt to download checksum at https://download.qt.io/online/qtsdkrepository/windows_x86/desktop/qt5_5152/qt.qt5.5152.win64_mingw81/5.15.2-0-202011130602qttranslations-Windows-Windows_10-Mingw-Windows-Windows_10-X86_64.7z.sha256
2026-05-12 04:16:39,865 - aqt.helper - DEBUG - helper 36828 Attempt to download checksum at https://download.qt.io/online/qtsdkrepository/windows_x86/desktop/qt5_5152/qt.qt5.5152.win64_mingw81/5.15.2-0-202011130602qtsvg-Windows-Windows_10-Mingw-Windows-Windows_10-X86_64.7z.sha256
2026-05-12 04:16:41,245 - aqt.helper - INFO - helper 23608 Downloading qtbase...
2026-05-12 04:16:41,245 - aqt.installer - DEBUG - installer 23608 Download URL: https://download.qt.io/online/qtsdkrepository/windows_x86/desktop/qt5_5152/qt.qt5.5152.win64_mingw81/5.15.2-0-202011130602qtbase-Windows-Windows_10-Mingw-Windows-Windows_10-X86_64.7z
2026-05-12 04:16:41,259 - aqt.helper - INFO - helper 36828 Downloading qtsvg...
2026-05-12 04:16:41,260 - aqt.installer - DEBUG - installer 36828 Download URL: https://download.qt.io/online/qtsdkrepository/windows_x86/desktop/qt5_5152/qt.qt5.5152.win64_mingw81/5.15.2-0-202011130602qtsvg-Windows-Windows_10-Mingw-Windows-Windows_10-X86_64.7z
2026-05-12 04:16:41,269 - aqt.helper - INFO - helper 36460 Downloading qtactiveqt...
2026-05-12 04:16:41,270 - aqt.installer - DEBUG - installer 36460 Download URL: https://download.qt.io/online/qtsdkrepository/windows_x86/desktop/qt5_5152/qt.qt5.5152.win64_mingw81/5.15.2-0-202011130602qtactiveqt-Windows-Windows_10-Mingw-Windows-Windows_10-X86_64.7z
2026-05-12 04:16:41,277 - aqt.helper - INFO - helper 27512 Downloading qttranslations...
2026-05-12 04:16:41,277 - aqt.installer - DEBUG - installer 27512 Download URL: https://download.qt.io/online/qtsdkrepository/windows_x86/desktop/qt5_5152/qt.qt5.5152.win64_mingw81/5.15.2-0-202011130602qttranslations-Windows-Windows_10-Mingw-Windows-Windows_10-X86_64.7z
2026-05-12 04:16:42,694 - aqt.helper - DEBUG - helper 36828 Asked to redirect(302) to: https://mirror.ossplanet.net/qtproject/online/qtsdkrepository/windows_x86/desktop/qt5_5152/qt.qt5.5152.win64_mingw81/5.15.2-0-202011130602qtsvg-Windows-Windows_10-Mingw-Windows-Windows_10-X86_64.7z
2026-05-12 04:16:42,694 - aqt.helper - INFO - helper 36828 Redirected: mirror.ossplanet.net
2026-05-12 04:16:42,704 - aqt.helper - DEBUG - helper 36460 Asked to redirect(302) to: https://mirror.ossplanet.net/qtproject/online/qtsdkrepository/windows_x86/desktop/qt5_5152/qt.qt5.5152.win64_mingw81/5.15.2-0-202011130602qtactiveqt-Windows-Windows_10-Mingw-Windows-Windows_10-X86_64.7z
2026-05-12 04:16:42,705 - aqt.helper - INFO - helper 36460 Redirected: mirror.ossplanet.net
2026-05-12 04:16:42,727 - aqt.helper - DEBUG - helper 23608 Asked to redirect(302) to: https://mirror.ossplanet.net/qtproject/online/qtsdkrepository/windows_x86/desktop/qt5_5152/qt.qt5.5152.win64_mingw81/5.15.2-0-202011130602qtbase-Windows-Windows_10-Mingw-Windows-Windows_10-X86_64.7z
2026-05-12 04:16:42,727 - aqt.helper - INFO - helper 23608 Redirected: mirror.ossplanet.net
2026-05-12 04:16:42,735 - aqt.helper - DEBUG - helper 27512 Asked to redirect(302) to: https://mirror.ossplanet.net/qtproject/online/qtsdkrepository/windows_x86/desktop/qt5_5152/qt.qt5.5152.win64_mingw81/5.15.2-0-202011130602qttranslations-Windows-Windows_10-Mingw-Windows-Windows_10-X86_64.7z
2026-05-12 04:16:42,735 - aqt.helper - INFO - helper 27512 Redirected: mirror.ossplanet.net
2026-05-12 04:16:46,150 - aqt.installer - INFO - installer 36828 Finished installation of qtsvg-Windows-Windows_10-Mingw-Windows-Windows_10-X86_64.7z in 6.28705640
2026-05-12 04:16:46,157 - aqt.helper - DEBUG - helper 36828 Attempt to download checksum at https://download.qt.io/online/qtsdkrepository/windows_x86/desktop/qt5_5152/qt.qt5.5152.win64_mingw81/5.15.2-0-202011130602qtdeclarative-Windows-Windows_10-Mingw-Windows-Windows_10-X86_64.7z.sha256
2026-05-12 04:16:47,935 - aqt.helper - INFO - helper 36828 Downloading qtdeclarative...
2026-05-12 04:16:47,935 - aqt.installer - DEBUG - installer 36828 Download URL: https://download.qt.io/online/qtsdkrepository/windows_x86/desktop/qt5_5152/qt.qt5.5152.win64_mingw81/5.15.2-0-202011130602qtdeclarative-Windows-Windows_10-Mingw-Windows-Windows_10-X86_64.7z
2026-05-12 04:16:48,596 - aqt.installer - INFO - installer 36460 Finished installation of qtactiveqt-Windows-Windows_10-Mingw-Windows-Windows_10-X86_64.7z in 8.73720340
2026-05-12 04:16:48,605 - aqt.helper - DEBUG - helper 36460 Attempt to download checksum at https://download.qt.io/online/qtsdkrepository/windows_x86/desktop/qt5_5152/qt.qt5.5152.win64_mingw81/5.15.2-0-202011130602qtmultimedia-Windows-Windows_10-Mingw-Windows-Windows_10-X86_64.7z.sha256
2026-05-12 04:16:49,515 - aqt.helper - DEBUG - helper 36828 Asked to redirect(302) to: https://mirror.ossplanet.net/qtproject/online/qtsdkrepository/windows_x86/desktop/qt5_5152/qt.qt5.5152.win64_mingw81/5.15.2-0-202011130602qtdeclarative-Windows-Windows_10-Mingw-Windows-Windows_10-X86_64.7z
2026-05-12 04:16:49,515 - aqt.helper - INFO - helper 36828 Redirected: mirror.ossplanet.net
2026-05-12 04:16:50,081 - aqt.installer - INFO - installer 27512 Finished installation of qttranslations-Windows-Windows_10-Mingw-Windows-Windows_10-X86_64.7z in 10.22124100
2026-05-12 04:16:50,088 - aqt.helper - DEBUG - helper 27512 Attempt to download checksum at https://download.qt.io/online/qtsdkrepository/windows_x86/desktop/qt5_5152/qt.qt5.5152.win64_mingw81/5.15.2-0-202011130602qtgraphicaleffects-Windows-Windows_10-Mingw-Windows-Windows_10-X86_64.7z.sha256
2026-05-12 04:16:50,155 - aqt.helper - INFO - helper 36460 Downloading qtmultimedia...
2026-05-12 04:16:50,155 - aqt.installer - DEBUG - installer 36460 Download URL: https://download.qt.io/online/qtsdkrepository/windows_x86/desktop/qt5_5152/qt.qt5.5152.win64_mingw81/5.15.2-0-202011130602qtmultimedia-Windows-Windows_10-Mingw-Windows-Windows_10-X86_64.7z
2026-05-12 04:16:51,578 - aqt.helper - DEBUG - helper 36460 Asked to redirect(302) to: https://mirror.ossplanet.net/qtproject/online/qtsdkrepository/windows_x86/desktop/qt5_5152/qt.qt5.5152.win64_mingw81/5.15.2-0-202011130602qtmultimedia-Windows-Windows_10-Mingw-Windows-Windows_10-X86_64.7z
2026-05-12 04:16:51,579 - aqt.helper - INFO - helper 36460 Redirected: mirror.ossplanet.net
2026-05-12 04:16:51,602 - aqt.helper - INFO - helper 27512 Downloading qtgraphicaleffects...
2026-05-12 04:16:51,602 - aqt.installer - DEBUG - installer 27512 Download URL: https://download.qt.io/online/qtsdkrepository/windows_x86/desktop/qt5_5152/qt.qt5.5152.win64_mingw81/5.15.2-0-202011130602qtgraphicaleffects-Windows-Windows_10-Mingw-Windows-Windows_10-X86_64.7z
2026-05-12 04:16:52,319 - aqt.installer - INFO - installer 36828 Finished installation of qtdeclarative-Windows-Windows_10-Mingw-Windows-Windows_10-X86_64.7z in 6.16300280
2026-05-12 04:16:52,330 - aqt.helper - DEBUG - helper 36828 Attempt to download checksum at https://download.qt.io/online/qtsdkrepository/windows_x86/desktop/qt5_5152/qt.qt5.5152.win64_mingw81/5.15.2-0-202011130602qtwinextras-Windows-Windows_10-Mingw-Windows-Windows_10-X86_64.7z.sha256
2026-05-12 04:16:52,450 - aqt.installer - INFO - installer 36460 Finished installation of qtmultimedia-Windows-Windows_10-Mingw-Windows-Windows_10-X86_64.7z in 3.84746230
2026-05-12 04:16:52,460 - aqt.helper - DEBUG - helper 36460 Attempt to download checksum at https://download.qt.io/online/qtsdkrepository/windows_x86/desktop/qt5_5152/qt.qt5.5152.win64_mingw81/5.15.2-0-202011130602qttools-Windows-Windows_10-Mingw-Windows-Windows_10-X86_64.7z.sha256
2026-05-12 04:16:52,876 - aqt.installer - INFO - installer 23608 Finished installation of qtbase-Windows-Windows_10-Mingw-Windows-Windows_10-X86_64.7z in 13.01771660
2026-05-12 04:16:52,886 - aqt.helper - DEBUG - helper 23608 Attempt to download checksum at https://download.qt.io/online/qtsdkrepository/windows_x86/desktop/qt5_5152/qt.qt5.5152.win64_mingw81/5.15.2-0-202011130602qtconnectivity-Windows-Windows_10-Mingw-Windows-Windows_10-X86_64.7z.sha256
2026-05-12 04:16:53,022 - aqt.helper - DEBUG - helper 27512 Asked to redirect(302) to: https://mirror.ossplanet.net/qtproject/online/qtsdkrepository/windows_x86/desktop/qt5_5152/qt.qt5.5152.win64_mingw81/5.15.2-0-202011130602qtgraphicaleffects-Windows-Windows_10-Mingw-Windows-Windows_10-X86_64.7z
2026-05-12 04:16:53,022 - aqt.helper - INFO - helper 27512 Redirected: mirror.ossplanet.net
2026-05-12 04:16:53,671 - aqt.installer - INFO - installer 27512 Finished installation of qtgraphicaleffects-Windows-Windows_10-Mingw-Windows-Windows_10-X86_64.7z in 3.58382540
2026-05-12 04:16:53,679 - aqt.helper - DEBUG - helper 27512 Attempt to download checksum at https://download.qt.io/online/qtsdkrepository/windows_x86/desktop/qt5_5152/qt.qt5.5152.win64_mingw81/5.15.2-0-202011130602qtsensors-Windows-Windows_10-Mingw-Windows-Windows_10-X86_64.7z.sha256
2026-05-12 04:16:53,764 - aqt.helper - INFO - helper 36828 Downloading qtwinextras...
2026-05-12 04:16:53,764 - aqt.installer - DEBUG - installer 36828 Download URL: https://download.qt.io/online/qtsdkrepository/windows_x86/desktop/qt5_5152/qt.qt5.5152.win64_mingw81/5.15.2-0-202011130602qtwinextras-Windows-Windows_10-Mingw-Windows-Windows_10-X86_64.7z
2026-05-12 04:16:53,923 - aqt.helper - INFO - helper 36460 Downloading qttools...
2026-05-12 04:16:53,923 - aqt.installer - DEBUG - installer 36460 Download URL: https://download.qt.io/online/qtsdkrepository/windows_x86/desktop/qt5_5152/qt.qt5.5152.win64_mingw81/5.15.2-0-202011130602qttools-Windows-Windows_10-Mingw-Windows-Windows_10-X86_64.7z
2026-05-12 04:16:54,247 - aqt.helper - INFO - helper 23608 Downloading qtconnectivity...
2026-05-12 04:16:54,247 - aqt.installer - DEBUG - installer 23608 Download URL: https://download.qt.io/online/qtsdkrepository/windows_x86/desktop/qt5_5152/qt.qt5.5152.win64_mingw81/5.15.2-0-202011130602qtconnectivity-Windows-Windows_10-Mingw-Windows-Windows_10-X86_64.7z
2026-05-12 04:16:55,033 - aqt.helper - INFO - helper 27512 Downloading qtsensors...
2026-05-12 04:16:55,033 - aqt.installer - DEBUG - installer 27512 Download URL: https://download.qt.io/online/qtsdkrepository/windows_x86/desktop/qt5_5152/qt.qt5.5152.win64_mingw81/5.15.2-0-202011130602qtsensors-Windows-Windows_10-Mingw-Windows-Windows_10-X86_64.7z
2026-05-12 04:16:55,068 - aqt.helper - DEBUG - helper 36828 Asked to redirect(302) to: https://mirror.ossplanet.net/qtproject/online/qtsdkrepository/windows_x86/desktop/qt5_5152/qt.qt5.5152.win64_mingw81/5.15.2-0-202011130602qtwinextras-Windows-Windows_10-Mingw-Windows-Windows_10-X86_64.7z
2026-05-12 04:16:55,069 - aqt.helper - INFO - helper 36828 Redirected: mirror.ossplanet.net
2026-05-12 04:16:55,277 - aqt.helper - DEBUG - helper 36460 Asked to redirect(302) to: https://mirror.ossplanet.net/qtproject/online/qtsdkrepository/windows_x86/desktop/qt5_5152/qt.qt5.5152.win64_mingw81/5.15.2-0-202011130602qttools-Windows-Windows_10-Mingw-Windows-Windows_10-X86_64.7z
2026-05-12 04:16:55,277 - aqt.helper - INFO - helper 36460 Redirected: mirror.ossplanet.net
2026-05-12 04:16:55,645 - aqt.helper - DEBUG - helper 23608 Asked to redirect(302) to: https://mirror.ossplanet.net/qtproject/online/qtsdkrepository/windows_x86/desktop/qt5_5152/qt.qt5.5152.win64_mingw81/5.15.2-0-202011130602qtconnectivity-Windows-Windows_10-Mingw-Windows-Windows_10-X86_64.7z
2026-05-12 04:16:55,645 - aqt.helper - INFO - helper 23608 Redirected: mirror.ossplanet.net
2026-05-12 04:16:55,818 - aqt.installer - INFO - installer 36828 Finished installation of qtwinextras-Windows-Windows_10-Mingw-Windows-Windows_10-X86_64.7z in 3.49001170
2026-05-12 04:16:55,825 - aqt.helper - DEBUG - helper 36828 Attempt to download checksum at https://download.qt.io/online/qtsdkrepository/windows_x86/desktop/qt5_5152/qt.qt5.5152.win64_mingw81/5.15.2-0-202011130602qtimageformats-Windows-Windows_10-Mingw-Windows-Windows_10-X86_64.7z.sha256
2026-05-12 04:16:56,555 - aqt.helper - DEBUG - helper 27512 Asked to redirect(302) to: https://mirror.ossplanet.net/qtproject/online/qtsdkrepository/windows_x86/desktop/qt5_5152/qt.qt5.5152.win64_mingw81/5.15.2-0-202011130602qtsensors-Windows-Windows_10-Mingw-Windows-Windows_10-X86_64.7z
2026-05-12 04:16:56,555 - aqt.helper - INFO - helper 27512 Redirected: mirror.ossplanet.net
2026-05-12 04:16:57,252 - aqt.installer - INFO - installer 23608 Finished installation of qtconnectivity-Windows-Windows_10-Mingw-Windows-Windows_10-X86_64.7z in 4.36760190
2026-05-12 04:16:57,261 - aqt.helper - DEBUG - helper 23608 Attempt to download checksum at https://download.qt.io/online/qtsdkrepository/windows_x86/desktop/qt5_5152/qt.qt5.5152.win64_mingw81/5.15.2-0-202011130602qtwebchannel-Windows-Windows_10-Mingw-Windows-Windows_10-X86_64.7z.sha256
2026-05-12 04:16:57,472 - aqt.helper - INFO - helper 36828 Downloading qtimageformats...
2026-05-12 04:16:57,472 - aqt.installer - DEBUG - installer 36828 Download URL: https://download.qt.io/online/qtsdkrepository/windows_x86/desktop/qt5_5152/qt.qt5.5152.win64_mingw81/5.15.2-0-202011130602qtimageformats-Windows-Windows_10-Mingw-Windows-Windows_10-X86_64.7z
2026-05-12 04:16:57,615 - aqt.installer - INFO - installer 27512 Finished installation of qtsensors-Windows-Windows_10-Mingw-Windows-Windows_10-X86_64.7z in 3.93861870
2026-05-12 04:16:57,622 - aqt.helper - DEBUG - helper 27512 Attempt to download checksum at https://download.qt.io/online/qtsdkrepository/windows_x86/desktop/qt5_5152/qt.qt5.5152.win64_mingw81/5.15.2-0-202011130602qtwebsockets-Windows-Windows_10-Mingw-Windows-Windows_10-X86_64.7z.sha256
2026-05-12 04:16:58,737 - aqt.helper - INFO - helper 23608 Downloading qtwebchannel...
2026-05-12 04:16:58,737 - aqt.installer - DEBUG - installer 23608 Download URL: https://download.qt.io/online/qtsdkrepository/windows_x86/desktop/qt5_5152/qt.qt5.5152.win64_mingw81/5.15.2-0-202011130602qtwebchannel-Windows-Windows_10-Mingw-Windows-Windows_10-X86_64.7z
2026-05-12 04:16:58,913 - aqt.helper - DEBUG - helper 36828 Asked to redirect(302) to: https://mirror.ossplanet.net/qtproject/online/qtsdkrepository/windows_x86/desktop/qt5_5152/qt.qt5.5152.win64_mingw81/5.15.2-0-202011130602qtimageformats-Windows-Windows_10-Mingw-Windows-Windows_10-X86_64.7z
2026-05-12 04:16:58,914 - aqt.helper - INFO - helper 36828 Redirected: mirror.ossplanet.net
2026-05-12 04:16:59,055 - aqt.helper - INFO - helper 27512 Downloading qtwebsockets...
2026-05-12 04:16:59,056 - aqt.installer - DEBUG - installer 27512 Download URL: https://download.qt.io/online/qtsdkrepository/windows_x86/desktop/qt5_5152/qt.qt5.5152.win64_mingw81/5.15.2-0-202011130602qtwebsockets-Windows-Windows_10-Mingw-Windows-Windows_10-X86_64.7z
2026-05-12 04:16:59,679 - aqt.installer - INFO - installer 36828 Finished installation of qtimageformats-Windows-Windows_10-Mingw-Windows-Windows_10-X86_64.7z in 3.85556340
2026-05-12 04:16:59,687 - aqt.helper - DEBUG - helper 36828 Attempt to download checksum at https://download.qt.io/online/qtsdkrepository/windows_x86/desktop/qt5_5152/qt.qt5.5152.win64_mingw81/5.15.2-0-202011130602qtserialport-Windows-Windows_10-Mingw-Windows-Windows_10-X86_64.7z.sha256
2026-05-12 04:16:59,802 - aqt.installer - INFO - installer 36460 Finished installation of qttools-Windows-Windows_10-Mingw-Windows-Windows_10-X86_64.7z in 7.34461250
2026-05-12 04:16:59,812 - aqt.helper - DEBUG - helper 36460 Attempt to download checksum at https://download.qt.io/online/qtsdkrepository/windows_x86/desktop/qt5_5152/qt.qt5.5152.win64_mingw81/5.15.2-0-202011130602qtxmlpatterns-Windows-Windows_10-Mingw-Windows-Windows_10-X86_64.7z.sha256
2026-05-12 04:17:00,121 - aqt.helper - DEBUG - helper 23608 Asked to redirect(302) to: https://mirror.ossplanet.net/qtproject/online/qtsdkrepository/windows_x86/desktop/qt5_5152/qt.qt5.5152.win64_mingw81/5.15.2-0-202011130602qtwebchannel-Windows-Windows_10-Mingw-Windows-Windows_10-X86_64.7z
2026-05-12 04:17:00,121 - aqt.helper - INFO - helper 23608 Redirected: mirror.ossplanet.net
2026-05-12 04:17:00,431 - aqt.helper - DEBUG - helper 27512 Asked to redirect(302) to: https://mirror.ossplanet.net/qtproject/online/qtsdkrepository/windows_x86/desktop/qt5_5152/qt.qt5.5152.win64_mingw81/5.15.2-0-202011130602qtwebsockets-Windows-Windows_10-Mingw-Windows-Windows_10-X86_64.7z
2026-05-12 04:17:00,431 - aqt.helper - INFO - helper 27512 Redirected: mirror.ossplanet.net
2026-05-12 04:17:00,953 - aqt.installer - INFO - installer 27512 Finished installation of qtwebsockets-Windows-Windows_10-Mingw-Windows-Windows_10-X86_64.7z in 3.33196100
2026-05-12 04:17:00,962 - aqt.helper - DEBUG - helper 27512 Attempt to download checksum at https://download.qt.io/online/qtsdkrepository/windows_x86/desktop/qt5_5152/qt.qt5.5152.win64_mingw81/5.15.2-0-202011130602qtquickcontrols2-Windows-Windows_10-Mingw-Windows-Windows_10-X86_64.7z.sha256
2026-05-12 04:17:00,982 - aqt.installer - INFO - installer 23608 Finished installation of qtwebchannel-Windows-Windows_10-Mingw-Windows-Windows_10-X86_64.7z in 3.72352880
2026-05-12 04:17:00,990 - aqt.helper - DEBUG - helper 23608 Attempt to download checksum at https://download.qt.io/online/qtsdkrepository/windows_x86/desktop/qt5_5152/qt.qt5.5152.win64_mingw81/5.15.2-0-202011130602qtlocation-Windows-Windows_10-Mingw-Windows-Windows_10-X86_64.7z.sha256
2026-05-12 04:17:01,089 - aqt.helper - INFO - helper 36828 Downloading qtserialport...
2026-05-12 04:17:01,090 - aqt.installer - DEBUG - installer 36828 Download URL: https://download.qt.io/online/qtsdkrepository/windows_x86/desktop/qt5_5152/qt.qt5.5152.win64_mingw81/5.15.2-0-202011130602qtserialport-Windows-Windows_10-Mingw-Windows-Windows_10-X86_64.7z
2026-05-12 04:17:01,205 - aqt.helper - INFO - helper 36460 Downloading qtxmlpatterns...
2026-05-12 04:17:01,205 - aqt.installer - DEBUG - installer 36460 Download URL: https://download.qt.io/online/qtsdkrepository/windows_x86/desktop/qt5_5152/qt.qt5.5152.win64_mingw81/5.15.2-0-202011130602qtxmlpatterns-Windows-Windows_10-Mingw-Windows-Windows_10-X86_64.7z
2026-05-12 04:17:02,466 - aqt.helper - INFO - helper 23608 Downloading qtlocation...
2026-05-12 04:17:02,466 - aqt.helper - INFO - helper 27512 Downloading qtquickcontrols2...
2026-05-12 04:17:02,466 - aqt.installer - DEBUG - installer 23608 Download URL: https://download.qt.io/online/qtsdkrepository/windows_x86/desktop/qt5_5152/qt.qt5.5152.win64_mingw81/5.15.2-0-202011130602qtlocation-Windows-Windows_10-Mingw-Windows-Windows_10-X86_64.7z
2026-05-12 04:17:02,466 - aqt.installer - DEBUG - installer 27512 Download URL: https://download.qt.io/online/qtsdkrepository/windows_x86/desktop/qt5_5152/qt.qt5.5152.win64_mingw81/5.15.2-0-202011130602qtquickcontrols2-Windows-Windows_10-Mingw-Windows-Windows_10-X86_64.7z
2026-05-12 04:17:02,591 - aqt.helper - DEBUG - helper 36460 Asked to redirect(302) to: https://mirror.ossplanet.net/qtproject/online/qtsdkrepository/windows_x86/desktop/qt5_5152/qt.qt5.5152.win64_mingw81/5.15.2-0-202011130602qtxmlpatterns-Windows-Windows_10-Mingw-Windows-Windows_10-X86_64.7z
2026-05-12 04:17:02,591 - aqt.helper - INFO - helper 36460 Redirected: mirror.ossplanet.net
2026-05-12 04:17:02,606 - aqt.helper - DEBUG - helper 36828 Asked to redirect(302) to: https://mirror.ossplanet.net/qtproject/online/qtsdkrepository/windows_x86/desktop/qt5_5152/qt.qt5.5152.win64_mingw81/5.15.2-0-202011130602qtserialport-Windows-Windows_10-Mingw-Windows-Windows_10-X86_64.7z
2026-05-12 04:17:02,606 - aqt.helper - INFO - helper 36828 Redirected: mirror.ossplanet.net
2026-05-12 04:17:03,541 - aqt.installer - INFO - installer 36828 Finished installation of qtserialport-Windows-Windows_10-Mingw-Windows-Windows_10-X86_64.7z in 3.85538740
2026-05-12 04:17:03,548 - aqt.helper - DEBUG - helper 36828 Attempt to download checksum at https://download.qt.io/online/qtsdkrepository/windows_x86/desktop/qt5_5152/qt.qt5.5152.win64_mingw81/5.15.2-0-202011130602qtquickcontrols-Windows-Windows_10-Mingw-Windows-Windows_10-X86_64.7z.sha256
2026-05-12 04:17:03,845 - aqt.helper - DEBUG - helper 23608 Asked to redirect(302) to: https://mirror.ossplanet.net/qtproject/online/qtsdkrepository/windows_x86/desktop/qt5_5152/qt.qt5.5152.win64_mingw81/5.15.2-0-202011130602qtlocation-Windows-Windows_10-Mingw-Windows-Windows_10-X86_64.7z
2026-05-12 04:17:03,845 - aqt.helper - INFO - helper 23608 Redirected: mirror.ossplanet.net
2026-05-12 04:17:03,856 - aqt.helper - DEBUG - helper 27512 Asked to redirect(302) to: https://mirror.ossplanet.net/qtproject/online/qtsdkrepository/windows_x86/desktop/qt5_5152/qt.qt5.5152.win64_mingw81/5.15.2-0-202011130602qtquickcontrols2-Windows-Windows_10-Mingw-Windows-Windows_10-X86_64.7z
2026-05-12 04:17:03,856 - aqt.helper - INFO - helper 27512 Redirected: mirror.ossplanet.net
2026-05-12 04:17:04,050 - aqt.installer - INFO - installer 36460 Finished installation of qtxmlpatterns-Windows-Windows_10-Mingw-Windows-Windows_10-X86_64.7z in 4.24049570
2026-05-12 04:17:04,059 - aqt.helper - DEBUG - helper 36460 Attempt to download checksum at https://download.qt.io/online/qtsdkrepository/windows_x86/desktop/qt5_5152/qt.qt5.5152.win64_mingw81/5.15.2-0-202011130602qtserialbus-Windows-Windows_10-Mingw-Windows-Windows_10-X86_64.7z.sha256
2026-05-12 04:17:04,950 - aqt.helper - INFO - helper 36828 Downloading qtquickcontrols...
2026-05-12 04:17:04,950 - aqt.installer - DEBUG - installer 36828 Download URL: https://download.qt.io/online/qtsdkrepository/windows_x86/desktop/qt5_5152/qt.qt5.5152.win64_mingw81/5.15.2-0-202011130602qtquickcontrols-Windows-Windows_10-Mingw-Windows-Windows_10-X86_64.7z
2026-05-12 04:17:05,440 - aqt.helper - INFO - helper 36460 Downloading qtserialbus...
2026-05-12 04:17:05,440 - aqt.installer - DEBUG - installer 36460 Download URL: https://download.qt.io/online/qtsdkrepository/windows_x86/desktop/qt5_5152/qt.qt5.5152.win64_mingw81/5.15.2-0-202011130602qtserialbus-Windows-Windows_10-Mingw-Windows-Windows_10-X86_64.7z
2026-05-12 04:17:05,562 - aqt.installer - INFO - installer 23608 Finished installation of qtlocation-Windows-Windows_10-Mingw-Windows-Windows_10-X86_64.7z in 4.57445140
2026-05-12 04:17:05,571 - aqt.helper - DEBUG - helper 23608 Attempt to download checksum at https://download.qt.io/online/qtsdkrepository/windows_x86/desktop/qt5_5152/qt.qt5.5152.win64_mingw81/5.15.2-0-202011130602qtgamepad-Windows-Windows_10-Mingw-Windows-Windows_10-X86_64.7z.sha256
2026-05-12 04:17:05,582 - aqt.installer - INFO - installer 27512 Finished installation of qtquickcontrols2-Windows-Windows_10-Mingw-Windows-Windows_10-X86_64.7z in 4.62263380
2026-05-12 04:17:05,591 - aqt.helper - DEBUG - helper 27512 Attempt to download checksum at https://download.qt.io/online/qtsdkrepository/windows_x86/desktop/qt5_5152/qt.qt5.5152.win64_mingw81/5.15.2-0-202011130602qt3d-Windows-Windows_10-Mingw-Windows-Windows_10-X86_64.7z.sha256
2026-05-12 04:17:06,323 - aqt.helper - DEBUG - helper 36828 Asked to redirect(302) to: https://mirror.ossplanet.net/qtproject/online/qtsdkrepository/windows_x86/desktop/qt5_5152/qt.qt5.5152.win64_mingw81/5.15.2-0-202011130602qtquickcontrols-Windows-Windows_10-Mingw-Windows-Windows_10-X86_64.7z
2026-05-12 04:17:06,323 - aqt.helper - INFO - helper 36828 Redirected: mirror.ossplanet.net
2026-05-12 04:17:06,821 - aqt.helper - DEBUG - helper 36460 Asked to redirect(302) to: https://mirror.ossplanet.net/qtproject/online/qtsdkrepository/windows_x86/desktop/qt5_5152/qt.qt5.5152.win64_mingw81/5.15.2-0-202011130602qtserialbus-Windows-Windows_10-Mingw-Windows-Windows_10-X86_64.7z
2026-05-12 04:17:06,822 - aqt.helper - INFO - helper 36460 Redirected: mirror.ossplanet.net
2026-05-12 04:17:06,916 - aqt.helper - INFO - helper 23608 Downloading qtgamepad...
2026-05-12 04:17:06,916 - aqt.installer - DEBUG - installer 23608 Download URL: https://download.qt.io/online/qtsdkrepository/windows_x86/desktop/qt5_5152/qt.qt5.5152.win64_mingw81/5.15.2-0-202011130602qtgamepad-Windows-Windows_10-Mingw-Windows-Windows_10-X86_64.7z
2026-05-12 04:17:06,957 - aqt.helper - INFO - helper 27512 Downloading qt3d...
2026-05-12 04:17:06,957 - aqt.installer - DEBUG - installer 27512 Download URL: https://download.qt.io/online/qtsdkrepository/windows_x86/desktop/qt5_5152/qt.qt5.5152.win64_mingw81/5.15.2-0-202011130602qt3d-Windows-Windows_10-Mingw-Windows-Windows_10-X86_64.7z
2026-05-12 04:17:07,477 - aqt.installer - INFO - installer 36828 Finished installation of qtquickcontrols-Windows-Windows_10-Mingw-Windows-Windows_10-X86_64.7z in 3.93072440
2026-05-12 04:17:07,486 - aqt.helper - DEBUG - helper 36828 Attempt to download checksum at https://download.qt.io/online/qtsdkrepository/windows_x86/desktop/qt5_5152/qt.qt5.5152.win64_mingw81/5.15.2-0-202011130602qtremoteobjects-Windows-Windows_10-Mingw-Windows-Windows_10-X86_64.7z.sha256
2026-05-12 04:17:08,308 - aqt.helper - DEBUG - helper 23608 Asked to redirect(302) to: https://mirror.ossplanet.net/qtproject/online/qtsdkrepository/windows_x86/desktop/qt5_5152/qt.qt5.5152.win64_mingw81/5.15.2-0-202011130602qtgamepad-Windows-Windows_10-Mingw-Windows-Windows_10-X86_64.7z
2026-05-12 04:17:08,309 - aqt.helper - INFO - helper 23608 Redirected: mirror.ossplanet.net
2026-05-12 04:17:08,329 - aqt.helper - DEBUG - helper 27512 Asked to redirect(302) to: https://mirror.ossplanet.net/qtproject/online/qtsdkrepository/windows_x86/desktop/qt5_5152/qt.qt5.5152.win64_mingw81/5.15.2-0-202011130602qt3d-Windows-Windows_10-Mingw-Windows-Windows_10-X86_64.7z
2026-05-12 04:17:08,329 - aqt.helper - INFO - helper 27512 Redirected: mirror.ossplanet.net
2026-05-12 04:17:08,403 - aqt.installer - INFO - installer 36460 Finished installation of qtserialbus-Windows-Windows_10-Mingw-Windows-Windows_10-X86_64.7z in 4.34578690
2026-05-12 04:17:08,411 - aqt.helper - DEBUG - helper 36460 Attempt to download checksum at https://download.qt.io/online/qtsdkrepository/windows_x86/desktop/qt5_5152/qt.qt5.5152.win64_mingw81/5.15.2-0-202011130602qtscxml-Windows-Windows_10-Mingw-Windows-Windows_10-X86_64.7z.sha256
2026-05-12 04:17:08,843 - aqt.helper - INFO - helper 36828 Downloading qtremoteobjects...
2026-05-12 04:17:08,844 - aqt.installer - DEBUG - installer 36828 Download URL: https://download.qt.io/online/qtsdkrepository/windows_x86/desktop/qt5_5152/qt.qt5.5152.win64_mingw81/5.15.2-0-202011130602qtremoteobjects-Windows-Windows_10-Mingw-Windows-Windows_10-X86_64.7z
2026-05-12 04:17:08,910 - aqt.installer - INFO - installer 23608 Finished installation of qtgamepad-Windows-Windows_10-Mingw-Windows-Windows_10-X86_64.7z in 3.34051820
2026-05-12 04:17:08,918 - aqt.helper - DEBUG - helper 23608 Attempt to download checksum at https://download.qt.io/online/qtsdkrepository/windows_x86/desktop/qt5_5152/qt.qt5.5152.win64_mingw81/5.15.2-0-202011130602qtspeech-Windows-Windows_10-Mingw-Windows-Windows_10-X86_64.7z.sha256
2026-05-12 04:17:09,837 - aqt.helper - INFO - helper 36460 Downloading qtscxml...
2026-05-12 04:17:09,837 - aqt.installer - DEBUG - installer 36460 Download URL: https://download.qt.io/online/qtsdkrepository/windows_x86/desktop/qt5_5152/qt.qt5.5152.win64_mingw81/5.15.2-0-202011130602qtscxml-Windows-Windows_10-Mingw-Windows-Windows_10-X86_64.7z
2026-05-12 04:17:10,186 - aqt.installer - INFO - installer 27512 Finished installation of qt3d-Windows-Windows_10-Mingw-Windows-Windows_10-X86_64.7z in 4.59666550
2026-05-12 04:17:10,196 - aqt.helper - DEBUG - helper 27512 Attempt to download checksum at https://download.qt.io/online/qtsdkrepository/windows_x86/desktop/qt5_5152/qt.qt5.5152.win64_mingw81/5.15.2-0-202011130602d3dcompiler_47-x64.7z.sha256
2026-05-12 04:17:10,232 - aqt.helper - DEBUG - helper 36828 Asked to redirect(302) to: https://mirror.ossplanet.net/qtproject/online/qtsdkrepository/windows_x86/desktop/qt5_5152/qt.qt5.5152.win64_mingw81/5.15.2-0-202011130602qtremoteobjects-Windows-Windows_10-Mingw-Windows-Windows_10-X86_64.7z
2026-05-12 04:17:10,232 - aqt.helper - INFO - helper 36828 Redirected: mirror.ossplanet.net
2026-05-12 04:17:10,241 - aqt.helper - INFO - helper 23608 Downloading qtspeech...
2026-05-12 04:17:10,241 - aqt.installer - DEBUG - installer 23608 Download URL: https://download.qt.io/online/qtsdkrepository/windows_x86/desktop/qt5_5152/qt.qt5.5152.win64_mingw81/5.15.2-0-202011130602qtspeech-Windows-Windows_10-Mingw-Windows-Windows_10-X86_64.7z
2026-05-12 04:17:11,162 - aqt.installer - INFO - installer 36828 Finished installation of qtremoteobjects-Windows-Windows_10-Mingw-Windows-Windows_10-X86_64.7z in 3.67706670
2026-05-12 04:17:11,169 - aqt.helper - DEBUG - helper 36828 Attempt to download checksum at https://download.qt.io/online/qtsdkrepository/windows_x86/desktop/qt5_5152/qt.qt5.5152.win64_mingw81/5.15.2-0-202011130602x86_64-8.1.0-release-posix-seh-rt_v6-rev0-runtime.7z.sha256
2026-05-12 04:17:11,270 - aqt.helper - DEBUG - helper 36460 Asked to redirect(302) to: https://mirror.ossplanet.net/qtproject/online/qtsdkrepository/windows_x86/desktop/qt5_5152/qt.qt5.5152.win64_mingw81/5.15.2-0-202011130602qtscxml-Windows-Windows_10-Mingw-Windows-Windows_10-X86_64.7z
2026-05-12 04:17:11,271 - aqt.helper - INFO - helper 36460 Redirected: mirror.ossplanet.net
2026-05-12 04:17:11,565 - aqt.helper - INFO - helper 27512 Downloading d3dcompiler_47...
2026-05-12 04:17:11,565 - aqt.installer - DEBUG - installer 27512 Download URL: https://download.qt.io/online/qtsdkrepository/windows_x86/desktop/qt5_5152/qt.qt5.5152.win64_mingw81/5.15.2-0-202011130602d3dcompiler_47-x64.7z
2026-05-12 04:17:11,633 - aqt.helper - DEBUG - helper 23608 Asked to redirect(302) to: https://mirror.ossplanet.net/qtproject/online/qtsdkrepository/windows_x86/desktop/qt5_5152/qt.qt5.5152.win64_mingw81/5.15.2-0-202011130602qtspeech-Windows-Windows_10-Mingw-Windows-Windows_10-X86_64.7z
2026-05-12 04:17:11,633 - aqt.helper - INFO - helper 23608 Redirected: mirror.ossplanet.net
2026-05-12 04:17:12,051 - aqt.installer - INFO - installer 36460 Finished installation of qtscxml-Windows-Windows_10-Mingw-Windows-Windows_10-X86_64.7z in 3.64195500
2026-05-12 04:17:12,238 - aqt.installer - INFO - installer 23608 Finished installation of qtspeech-Windows-Windows_10-Mingw-Windows-Windows_10-X86_64.7z in 3.32213630
2026-05-12 04:17:12,500 - aqt.helper - INFO - helper 36828 Downloading x86_64...
2026-05-12 04:17:12,501 - aqt.installer - DEBUG - installer 36828 Download URL: https://download.qt.io/online/qtsdkrepository/windows_x86/desktop/qt5_5152/qt.qt5.5152.win64_mingw81/5.15.2-0-202011130602x86_64-8.1.0-release-posix-seh-rt_v6-rev0-runtime.7z
2026-05-12 04:17:12,899 - aqt.helper - DEBUG - helper 27512 Asked to redirect(302) to: https://mirror.ossplanet.net/qtproject/online/qtsdkrepository/windows_x86/desktop/qt5_5152/qt.qt5.5152.win64_mingw81/5.15.2-0-202011130602d3dcompiler_47-x64.7z
2026-05-12 04:17:12,899 - aqt.helper - INFO - helper 27512 Redirected: mirror.ossplanet.net
2026-05-12 04:17:13,835 - aqt.installer - INFO - installer 27512 Finished installation of d3dcompiler_47-x64.7z in 3.64059390
2026-05-12 04:17:13,842 - aqt.helper - DEBUG - helper 27512 Attempt to download checksum at https://download.qt.io/online/qtsdkrepository/windows_x86/desktop/qt5_5152/qt.qt5.5152.win64_mingw81/5.15.2-0-202011130602opengl32sw-64-mesa_12_0_rc2.7z.sha256
2026-05-12 04:17:13,872 - aqt.helper - DEBUG - helper 36828 Asked to redirect(302) to: https://mirror.ossplanet.net/qtproject/online/qtsdkrepository/windows_x86/desktop/qt5_5152/qt.qt5.5152.win64_mingw81/5.15.2-0-202011130602x86_64-8.1.0-release-posix-seh-rt_v6-rev0-runtime.7z
2026-05-12 04:17:13,872 - aqt.helper - INFO - helper 36828 Redirected: mirror.ossplanet.net
2026-05-12 04:17:15,258 - aqt.helper - INFO - helper 27512 Downloading opengl32sw...
2026-05-12 04:17:15,258 - aqt.installer - DEBUG - installer 27512 Download URL: https://download.qt.io/online/qtsdkrepository/windows_x86/desktop/qt5_5152/qt.qt5.5152.win64_mingw81/5.15.2-0-202011130602opengl32sw-64-mesa_12_0_rc2.7z
2026-05-12 04:17:16,434 - aqt.installer - INFO - installer 36828 Finished installation of x86_64-8.1.0-release-posix-seh-rt_v6-rev0-runtime.7z in 5.26668440
2026-05-12 04:17:16,626 - aqt.helper - DEBUG - helper 27512 Asked to redirect(302) to: https://mirror.ossplanet.net/qtproject/online/qtsdkrepository/windows_x86/desktop/qt5_5152/qt.qt5.5152.win64_mingw81/5.15.2-0-202011130602opengl32sw-64-mesa_12_0_rc2.7z
2026-05-12 04:17:16,626 - aqt.helper - INFO - helper 27512 Redirected: mirror.ossplanet.net
2026-05-12 04:17:20,079 - aqt.installer - INFO - installer 27512 Finished installation of opengl32sw-64-mesa_12_0_rc2.7z in 6.23893630
2026-05-12 04:17:20,461 - aqt.updater - INFO - updater 25204 Patching d:\Qt\5.15.2\mingw81_64\bin\qmake.exe
2026-05-12 04:17:21,027 - aqt.main - ERROR - installer 25204 Updater caused an IO error: [Errno 13] Permission denied: 'd:\\Qt\\5.15.2\\mingw81_64\\bin\\qmake.exe'
2026-05-12 04:17:21,438 - aqt.main - INFO - installer 36684 aqtinstall(aqt) v3.3.0 on Python 3.13.1 [CPython MSC v.1942 64 bit (AMD64)]
2026-05-12 04:17:21,438 - aqt.helper - DEBUG - helper 36684 Attempt to download checksum at https://download.qt.io/online/qtsdkrepository/windows_x86/desktop/tools_mingw/Updates.xml.sha256
2026-05-12 04:17:24,672 - aqt.helper - DEBUG - helper 36272 Attempt to download checksum at https://download.qt.io/online/qtsdkrepository/windows_x86/desktop/tools_mingw/qt.tools.win64_mingw810/8.1.0-1-202004170606x86_64-8.1.0-release-posix-seh-rt_v6-rev0.7z.sha256
2026-05-12 04:17:26,146 - aqt.helper - INFO - helper 36272 Downloading qt.tools.win64_mingw810...
2026-05-12 04:17:26,146 - aqt.installer - DEBUG - installer 36272 Download URL: https://download.qt.io/online/qtsdkrepository/windows_x86/desktop/tools_mingw/qt.tools.win64_mingw810/8.1.0-1-202004170606x86_64-8.1.0-release-posix-seh-rt_v6-rev0.7z
2026-05-12 04:17:27,572 - aqt.helper - DEBUG - helper 36272 Asked to redirect(302) to: https://mirror.ossplanet.net/qtproject/online/qtsdkrepository/windows_x86/desktop/tools_mingw/qt.tools.win64_mingw810/8.1.0-1-202004170606x86_64-8.1.0-release-posix-seh-rt_v6-rev0.7z
2026-05-12 04:17:27,572 - aqt.helper - INFO - helper 36272 Redirected: mirror.ossplanet.net
2026-05-12 04:17:40,670 - aqt.installer - INFO - installer 36272 Finished installation of x86_64-8.1.0-release-posix-seh-rt_v6-rev0.7z in 16.00042580
2026-05-12 04:17:40,729 - aqt.main - INFO - installer 36684 Finished installation
2026-05-12 04:17:40,729 - aqt.main - INFO - installer 36684 Time elapsed: 19.29142140 second
